// Jest Snapshot v1, https://goo.gl/fbAQLP

exports[`Zip create 1`] = `Blob {}`;
