// Jest Snapshot v1, https://goo.gl/fbAQLP

exports[`DownloadButton init 1`] = `
<a
  class="px-4 py-2 border-transparent text-base leading-6 font-medium rounded-md text-white bg-indigo-600 inline-flex items-center hover:bg-indigo-500 focus:outline-none focus:border-indigo-700 focus:shadow-outline-indigo active:bg-indigo-700"
  download="christian.zip"
  href="x"
  id="download"
>
  <svg
    class="animate-bounce fill-current w-4 h-4 mr-2"
    viewBox="0 0 20 20"
    xmlns="http://www.w3.org/2000/svg"
  >
    <path
      d="M13 8V2H7v6H2l8 8 8-8h-5zM0 18h20v2H0v-2z"
    />
  </svg>
  <span>
    Download
  </span>
</a>
`;
